Microchip MPLAB XC8 Compiler V2.41

Linker command line:

-W-3 \
  --edf=C:\Program Files\Microchip\xc8\v2.41\pic\dat\20230208172133_en.msgs \
  -cn -h+dist/default/production\P1-Car_black_box.X.production.sym \
  --cmf=dist/default/production\P1-Car_black_box.X.production.cmf -z \
  -Q18F4580 -oC:\Users\Admin\AppData\Local\Temp\xcDs4fs.3\driver_tmp_3.o \
  --defsym=__MPLAB_BUILD=1 --fixupoverflow=error \
  -Mdist/default/production/P1-Car_black_box.X.production.map \
  --md=C:\Users\Admin\AppData\Local\Temp\xcDs4fs.3\driver_tmp_0.dat -E1 \
  -ver=XC8 Compiler --acfsm=1493 -ACODE=00h-03000h -ACONST=00h-03000h \
  -ASMALLCONST=0600h-06FFhx42,03000h-03000h -AMEDIUMCONST=0600h-03000h \
  -ACOMRAM=01h-05Fh -AABS1=00h-05FFh -ABIGRAM=01h-05FFh \
  -ARAM=060h-0FFh,0100h-01FFhx5 -ABANK0=060h-0FFh -ABANK1=0100h-01FFh \
  -ABANK2=0200h-02FFh -ABANK3=0300h-03FFh -ABANK4=0400h-04FFh \
  -ABANK5=0500h-05FFh -ASFR=0D00h-0DFFhx2,0F00h-0F5Fh,0F60h-0FFFh \
  -ABIGSFR=0D00h-0FFFh -ACONFIG=0300000h-030000Dh -AIDLOC=0200000h-0200007h \
  -AEEDATA=0F00000h-0F000FFh -peeprom_data=EEDATA \
  -preset_vec=00h,intcode,intcodelo,powerup,init -pramtop=0600h \
  -psmallconst=SMALLCONST -pmediumconst=MEDIUMCONST -pconst=CONST \
  -AFARRAM=00h-00h \
  -prdata=COMRAM,nvrram=COMRAM,nvbit=COMRAM,rbss=COMRAM,rbit=COMRAM \
  -pfarbss=FARRAM,fardata=FARRAM,nvFARRAM=FARRAM \
  -pintsave_regs=BIGRAM,bigbss=BIGRAM,bigdata=BIGRAM -pbss=RAM \
  -pidata=CODE,irdata=CODE,ibigdata=CODE,ifardata=CODE -prparam=COMRAM \
  C:\Users\Admin\AppData\Local\Temp\xcDs4fs.3\driver_tmp_9.o \
  dist/default/production\P1-Car_black_box.X.production.o 

Object code version is 3.11

Machine type is 18F4580



                Name                               Link     Load   Length Selector   Space Scale
C:\Users\Admin\AppData\Local\Temp\xcDs4fs.3\driver_tmp_9.o
                idloc                            200000   200000        8        0       5
                config                           300000   300000        E        0       4
                init                                  0        0        4        0       0
dist/default/production\P1-Car_black_box.X.production.o
                idloc                            200000   200000        8        0       5
                config                           300000   300000        E        0       4
                smallconst                          600      600       94      300       0
                text37                             19DE     19DE      39A      34A       0
                text36                             2396     2396      106      34A       0
                text35                             2A74     2A74       26      34A       0
                text34                             1F68     1F68      1B4      34A       0
                text33                             29E6     29E6       3A      34A       0
                text32                             27B2     27B2       6C      34A       0
                text31                             2B28     2B28       18      34A       0
                text30                             14DE     14DE      500      34A       0
                text29                             2BB8     2BB8        6      34A       0
                text28                             2B68     2B68       12      34A       0
                text27                             2BAA     2BAA        8      34A       0
                text26                             2B86     2B86        C      34A       0
                text25                             2BA2     2BA2        8      34A       0
                text24                             2B9A     2B9A        8      34A       0
                text23                             2B92     2B92        8      34A       0
                text22                             2B7A     2B7A        C      34A       0
                text21                             2A4A     2A4A       2A      34A       0
                text20                             26B8     26B8       82      34A       0
                text19                             2A9A     2A9A       20      34A       0
                text18                             2610     2610       A8      34A       0
                text17                             2AD8     2AD8       1E      34A       0
                text16                             28DE     28DE       48      34A       0
                text15                             2B40     2B40       16      34A       0
                text14                             2B56     2B56       12      34A       0
                text13                             2ABA     2ABA       1E      34A       0
                text12                             2AF6     2AF6       1A      34A       0
                text11                             249C     249C       C4      34A       0
                text10                             2560     2560       B0      34A       0
                text9                              1D78     1D78      1F0      34A       0
                text8                              2B10     2B10       18      34A       0
                text7                              2880     2880       5E      34A       0
                text6                              2926     2926       46      34A       0
                text5                              228E     228E      108      34A       0
                text4                              273A     273A       78      34A       0
                text3                              2A20     2A20       2A      34A       0
                text2                              296C     296C       40      34A       0
                text1                              211C     211C      172      34A       0
                text0                               694      694      E4A      34A       0
                cstackCOMRAM                          1        1       53        1       1
                cstackBANK0                          9A       9A       35       60       1
                cstackBANK1                         100      100       B4      100       1
                dataBANK0                            60       60       3A       60       1
                bssBANK0                             CF       CF       1D       60       1
                dataCOMRAM                           5A       5A        6        1       1
                bssCOMRAM                            54       54        6        1       1
                cinit                              281E     281E       62      34A       0
                idataBANK0                         29AC     29AC       3A      34A       0
                idataCOMRAM                        2BB2     2BB2        6      34A       0

TOTAL           Name                               Link     Load   Length     Space
        CLASS   CODE           
                init                                  0        0        4         0
                text37                             19DE     19DE      39A         0
                text36                             2396     2396      106         0
                text35                             2A74     2A74       26         0
                text34                             1F68     1F68      1B4         0
                text33                             29E6     29E6       3A         0
                text32                             27B2     27B2       6C         0
                text31                             2B28     2B28       18         0
                text30                             14DE     14DE      500         0
                text29                             2BB8     2BB8        6         0
                text28                             2B68     2B68       12         0
                text27                             2BAA     2BAA        8         0
                text26                             2B86     2B86        C         0
                text25                             2BA2     2BA2        8         0
                text24                             2B9A     2B9A        8         0
                text23                             2B92     2B92        8         0
                text22                             2B7A     2B7A        C         0
                text21                             2A4A     2A4A       2A         0
                text20                             26B8     26B8       82         0
                text19                             2A9A     2A9A       20         0
                text18                             2610     2610       A8         0
                text17                             2AD8     2AD8       1E         0
                text16                             28DE     28DE       48         0
                text15                             2B40     2B40       16         0
                text14                             2B56     2B56       12         0
                text13                             2ABA     2ABA       1E         0
                text12                             2AF6     2AF6       1A         0
                text11                             249C     249C       C4         0
                text10                             2560     2560       B0         0
                text9                              1D78     1D78      1F0         0
                text8                              2B10     2B10       18         0
                text7                              2880     2880       5E         0
                text6                              2926     2926       46         0
                text5                              228E     228E      108         0
                text4                              273A     273A       78         0
                text3                              2A20     2A20       2A         0
                text2                              296C     296C       40         0
                text1                              211C     211C      172         0
                text0                               694      694      E4A         0
                cinit                              281E     281E       62         0
                idataBANK0                         29AC     29AC       3A         0
                idataCOMRAM                        2BB2     2BB2        6         0

        CLASS   CONST          

        CLASS   SMALLCONST     
                smallconst                          600      600       94         0

        CLASS   MEDIUMCONST    

        CLASS   COMRAM         
                cstackCOMRAM                          1        1       53         1
                dataCOMRAM                           5A       5A        6         1
                bssCOMRAM                            54       54        6         1

        CLASS   ABS1           

        CLASS   BIGRAM         

        CLASS   RAM            

        CLASS   BANK0          
                cstackBANK0                          9A       9A       35         1
                dataBANK0                            60       60       3A         1
                bssBANK0                             CF       CF       1D         1

        CLASS   BANK1          
                cstackBANK1                         100      100       B4         1

        CLASS   BANK2          

        CLASS   BANK3          

        CLASS   BANK4          

        CLASS   BANK5          

        CLASS   SFR            

        CLASS   BIGSFR         

        CLASS   CONFIG         
                config                           300000   300000        E         4

        CLASS   IDLOC          
                idloc                            200000   200000        8         5

        CLASS   EEDATA         

        CLASS   FARRAM         

        CLASS   HEAP           

        CLASS   STACK          



SEGMENTS        Name                           Load    Length   Top    Selector   Space  Class

                reset_vec                      000000  000004  000004         0       0  CODE    
                cstackCOMRAM                   000001  00005F  000060         1       1  COMRAM  
                dataBANK0                      000060  00008C  0000EC        60       1  BANK0   
                cstackBANK1                    000100  0000B4  0001B4       100       1  BANK1   
                smallconst                     000600  000094  000694       300       0  SMALLCON
                text0                          000694  00252A  002BBE       34A       0  CODE    


UNUSED ADDRESS RANGES

        Name                Unused          Largest block    Delta
        BANK0            0000EC-0000FF               14
        BANK1            0001B4-0001FF               4C
        BANK2            000200-0002FF              100
        BANK3            000300-0003FF              100
        BANK4            000400-0004FF              100
        BANK5            000500-0005FF              100
        BIGRAM           0000EC-0000FF               14
                         0001B4-0005FF              44C
        BIGSFR           000D00-000FFF              300
        CODE             000004-0005FF              5FC
                         002BBE-003000              443
        CONST            000004-0005FF              5FC
                         002BBE-003000              443
        EEDATA           F00000-F000FF              100
        MEDIUMCONST      002BBE-003000              443
        RAM              0000EC-0000FF               14
                         0001B4-0005FF              100
        SFR              000D00-000FFF              100
        SMALLCONST       002BBE-003000              100

                                  Symbol Table

?___awdiv                      cstackCOMRAM 000001
?___awmod                      cstackCOMRAM 000001
?___fldiv                      cstackCOMRAM 00000F
?___fltol                      cstackCOMRAM 000028
?___wmul                       cstackCOMRAM 000001
?___xxtofl                     cstackCOMRAM 000001
?_read_adc                     cstackCOMRAM 000001
_ABDEN                         (abs)        007DC0
_ACKDT                         (abs)        007E2D
_ACKEN                         (abs)        007E2C
_ACKSTAT                       (abs)        007E2E
_ACQT0                         (abs)        007E03
_ACQT1                         (abs)        007E04
_ACQT2                         (abs)        007E05
_ADCON0                        (abs)        000FC2
_ADCON1                        (abs)        000FC1
_ADCS0                         (abs)        007E00
_ADCS1                         (abs)        007E01
_ADCS2                         (abs)        007E02
_ADFM                          (abs)        007E07
_ADON                          (abs)        007E10
_ADRESH                        (abs)        000FC4
_ADRESL                        (abs)        000FC3
_BCLIF                         (abs)        007D0B
_BRG16                         (abs)        007DC3
_BRGH                          (abs)        007D62
_CKE                           (abs)        007E3E
_CREN                          (abs)        007D5C
_GO                            (abs)        007E11
_GODONE                        (abs)        007E11
_PEN                           (abs)        007E2A
_PORTB                         (abs)        000F81
_PORTBbits                     (abs)        000F81
_PORTD                         (abs)        000F83
_RBPU                          (abs)        007F8F
_RC0                           (abs)        007C10
_RC1                           (abs)        007C11
_RC2                           (abs)        007C12
_RCEN                          (abs)        007E2B
_RCIF                          (abs)        007CF5
_RCREG                         (abs)        000FAE
_RD7                           (abs)        007C1F
_RSEN                          (abs)        007E29
_RX9                           (abs)        007D5E
_SEN                           (abs)        007E28
_SENDB                         (abs)        007D63
_SMP                           (abs)        007E3F
_SPBRG                         (abs)        000FAF
_SPEN                          (abs)        007D5F
_SSPADD                        (abs)        000FC8
_SSPBUF                        (abs)        000FC9
_SSPCON1                       (abs)        000FC6
_SSPIF                         (abs)        007CF3
_SYNC                          (abs)        007D64
_TRISB                         (abs)        000F93
_TRISC                         (abs)        000F94
_TRISC3                        (abs)        007CA3
_TRISC4                        (abs)        007CA4
_TRISC6                        (abs)        007CA6
_TRISC7                        (abs)        007CA7
_TRISD                         (abs)        000F95
_TRISD7                        (abs)        007CAF
_TX9                           (abs)        007D66
_TXEN                          (abs)        007D65
_TXIF                          (abs)        007CF4
_TXREG                         (abs)        000FAD
_VCFG0                         (abs)        007E0C
_VCFG1                         (abs)        007E0D
__HRAM                         (abs)        000000
__H__absolute__                __absolute__ 000000
__Habs1                        abs1         000000
__Hbank0                       bank0        000000
__Hbank1                       bank1        000000
__Hbank2                       bank2        000000
__Hbank3                       bank3        000000
__Hbank4                       bank4        000000
__Hbank5                       bank5        000000
__Hbigbss                      bigbss       000000
__Hbigdata                     bigdata      000000
__Hbigram                      bigram       000000
__Hbigsfr                      bigsfr       000000
__Hbss                         bss          000000
__HbssBANK0                    bssBANK0     000000
__HbssCOMRAM                   bssCOMRAM    000000
__Hcinit                       cinit        000000
__Hclrtext                     clrtext      000000
__Hcomram                      comram       000000
__Hconfig                      config       30000E
__Hconst                       const        000000
__HcstackBANK0                 cstackBANK0  000000
__HcstackBANK1                 cstackBANK1  000000
__HcstackCOMRAM                cstackCOMRAM 000000
__Hdata                        data         000000
__HdataBANK0                   dataBANK0    000000
__HdataCOMRAM                  dataCOMRAM   000000
__Heeprom_data                 eeprom_data  000000
__Hfarbss                      farbss       000000
__Hfardata                     fardata      000000
__Hheap                        heap         000000
__Hibigdata                    ibigdata     000000
__Hidata                       idata        000000
__HidataBANK0                  idataBANK0   000000
__HidataCOMRAM                 idataCOMRAM  000000
__Hidloc                       idloc        200008
__Hifardata                    ifardata     000000
__Hinit                        init         000004
__Hintcode                     intcode      000000
__Hintcode_body                intcode_body 000000
__Hintcodelo                   intcodelo    000000
__Hintentry                    intentry     000000
__Hintret                      intret       000000
__Hintsave_regs                intsave_regs 000000
__Hirdata                      irdata       000000
__Hmediumconst                 mediumconst  000000
__HnvFARRAM                    nvFARRAM     000000
__Hnvbit                       nvbit        000000
__Hnvrram                      nvrram       000000
__Hparam                       rparam       000000
__Hpowerup                     powerup      000000
__Hram                         ram          000000
__Hramtop                      ramtop       000600
__Hrbit                        rbit         000000
__Hrbss                        rbss         000000
__Hrdata                       rdata        000000
__Hreset_vec                   reset_vec    000000
__Hrparam                      rparam       000000
__Hsfr                         sfr          000000
__Hsmallconst                  smallconst   000694
__Hspace_0                     (abs)        002BBE
__Hspace_1                     (abs)        0001B4
__Hspace_2                     (abs)        000000
__Hspace_4                     (abs)        60000E
__Hstack                       stack        000000
__Hstruct                      struct       000000
__Htemp                        temp         000000
__Htext                        text         000000
__Htext0                       text0        000000
__Htext1                       text1        000000
__Htext10                      text10       000000
__Htext11                      text11       000000
__Htext12                      text12       000000
__Htext13                      text13       000000
__Htext14                      text14       000000
__Htext15                      text15       000000
__Htext16                      text16       000000
__Htext17                      text17       000000
__Htext18                      text18       000000
__Htext19                      text19       000000
__Htext2                       text2        000000
__Htext20                      text20       000000
__Htext21                      text21       000000
__Htext22                      text22       000000
__Htext23                      text23       000000
__Htext24                      text24       000000
__Htext25                      text25       000000
__Htext26                      text26       000000
__Htext27                      text27       000000
__Htext28                      text28       000000
__Htext29                      text29       000000
__Htext3                       text3        000000
__Htext30                      text30       000000
__Htext31                      text31       000000
__Htext32                      text32       000000
__Htext33                      text33       000000
__Htext34                      text34       000000
__Htext35                      text35       000000
__Htext36                      text36       000000
__Htext37                      text37       000000
__Htext4                       text4        000000
__Htext5                       text5        000000
__Htext6                       text6        000000
__Htext7                       text7        000000
__Htext8                       text8        000000
__Htext9                       text9        000000
__LRAM                         (abs)        000001
__L__absolute__                __absolute__ 000000
__Labs1                        abs1         000000
__Lbank0                       bank0        000000
__Lbank1                       bank1        000000
__Lbank2                       bank2        000000
__Lbank3                       bank3        000000
__Lbank4                       bank4        000000
__Lbank5                       bank5        000000
__Lbigbss                      bigbss       000000
__Lbigdata                     bigdata      000000
__Lbigram                      bigram       000000
__Lbigsfr                      bigsfr       000000
__Lbss                         bss          000000
__LbssBANK0                    bssBANK0     000000
__LbssCOMRAM                   bssCOMRAM    000000
__Lcinit                       cinit        000000
__Lclrtext                     clrtext      000000
__Lcomram                      comram       000000
__Lconfig                      config       000000
__Lconst                       const        000000
__LcstackBANK0                 cstackBANK0  000000
__LcstackBANK1                 cstackBANK1  000000
__LcstackCOMRAM                cstackCOMRAM 000000
__Ldata                        data         000000
__LdataBANK0                   dataBANK0    000000
__LdataCOMRAM                  dataCOMRAM   000000
__Leeprom_data                 eeprom_data  000000
__Lfarbss                      farbss       000000
__Lfardata                     fardata      000000
__Lheap                        heap         000000
__Libigdata                    ibigdata     000000
__Lidata                       idata        000000
__LidataBANK0                  idataBANK0   000000
__LidataCOMRAM                 idataCOMRAM  000000
__Lidloc                       idloc        000000
__Lifardata                    ifardata     000000
__Linit                        init         000000
__Lintcode                     intcode      000000
__Lintcode_body                intcode_body 000000
__Lintcodelo                   intcodelo    000000
__Lintentry                    intentry     000000
__Lintret                      intret       000000
__Lintsave_regs                intsave_regs 000000
__Lirdata                      irdata       000000
__Lmediumconst                 mediumconst  000000
__LnvFARRAM                    nvFARRAM     000000
__Lnvbit                       nvbit        000000
__Lnvrram                      nvrram       000000
__Lparam                       rparam       000000
__Lpowerup                     powerup      000000
__Lram                         ram          000000
__Lramtop                      ramtop       000600
__Lrbit                        rbit         000000
__Lrbss                        rbss         000000
__Lrdata                       rdata        000000
__Lreset_vec                   reset_vec    000000
__Lrparam                      rparam       000000
__Lsfr                         sfr          000000
__Lsmallconst                  smallconst   000600
__Lspace_0                     (abs)        000000
__Lspace_1                     (abs)        000000
__Lspace_2                     (abs)        000000
__Lspace_4                     (abs)        000000
__Lstack                       stack        000000
__Lstruct                      struct       000000
__Ltemp                        temp         000000
__Ltext                        text         000000
__Ltext0                       text0        000000
__Ltext1                       text1        000000
__Ltext10                      text10       000000
__Ltext11                      text11       000000
__Ltext12                      text12       000000
__Ltext13                      text13       000000
__Ltext14                      text14       000000
__Ltext15                      text15       000000
__Ltext16                      text16       000000
__Ltext17                      text17       000000
__Ltext18                      text18       000000
__Ltext19                      text19       000000
__Ltext2                       text2        000000
__Ltext20                      text20       000000
__Ltext21                      text21       000000
__Ltext22                      text22       000000
__Ltext23                      text23       000000
__Ltext24                      text24       000000
__Ltext25                      text25       000000
__Ltext26                      text26       000000
__Ltext27                      text27       000000
__Ltext28                      text28       000000
__Ltext29                      text29       000000
__Ltext3                       text3        000000
__Ltext30                      text30       000000
__Ltext31                      text31       000000
__Ltext32                      text32       000000
__Ltext33                      text33       000000
__Ltext34                      text34       000000
__Ltext35                      text35       000000
__Ltext36                      text36       000000
__Ltext37                      text37       000000
__Ltext4                       text4        000000
__Ltext5                       text5        000000
__Ltext6                       text6        000000
__Ltext7                       text7        000000
__Ltext8                       text8        000000
__Ltext9                       text9        000000
__S0                           (abs)        002BBE
__S1                           (abs)        0001B4
__S4                           (abs)        000000
__S5                           (abs)        000000
___awdiv                       text11       00249C
___awdiv@counter               cstackCOMRAM 000005
___awdiv@dividend              cstackCOMRAM 000001
___awdiv@divisor               cstackCOMRAM 000003
___awdiv@quotient              cstackCOMRAM 000007
___awdiv@sign                  cstackCOMRAM 000006
___awmod                       text10       002560
___awmod@counter               cstackCOMRAM 000005
___awmod@dividend              cstackCOMRAM 000001
___awmod@divisor               cstackCOMRAM 000003
___awmod@sign                  cstackCOMRAM 000006
___fldiv                       text37       0019DE
___fldiv@a                     cstackCOMRAM 000013
___fldiv@aexp                  cstackCOMRAM 000027
___fldiv@b                     cstackCOMRAM 00000F
___fldiv@bexp                  cstackCOMRAM 000026
___fldiv@grs                   cstackCOMRAM 000022
___fldiv@new_exp               cstackCOMRAM 000020
___fldiv@rem                   cstackCOMRAM 00001B
___fldiv@sign                  cstackCOMRAM 00001F
___fltol                       text36       002396
___fltol@exp1                  cstackCOMRAM 000031
___fltol@f1                    cstackCOMRAM 000028
___fltol@sign1                 cstackCOMRAM 000030
___heap_hi                     (abs)        000000
___heap_lo                     (abs)        000000
___inthi_sp                    stack        000000
___intlo_sp                    stack        000000
___param_bank                  (abs)        000000
___rparam_used                 (abs)        000001
___sp                          stack        000000
___wmul                        text35       002A74
___wmul@multiplicand           cstackCOMRAM 000003
___wmul@multiplier             cstackCOMRAM 000001
___wmul@product                cstackCOMRAM 000005
___xxtofl                      text34       001F68
___xxtofl@arg                  cstackCOMRAM 00000B
___xxtofl@exp                  cstackCOMRAM 00000A
___xxtofl@sign                 cstackCOMRAM 000009
___xxtofl@val                  cstackCOMRAM 000001
__accesstop                    (abs)        000060
__activetblptr                 (abs)        000002
__end_of___awdiv               text11       002560
__end_of___awmod               text10       002610
__end_of___fldiv               text37       001D78
__end_of___fltol               text36       00249C
__end_of___wmul                text35       002A9A
__end_of___xxtofl              text34       00211C
__end_of__initialization       cinit        002876
__end_of_clcd_print            text32       00281E
__end_of_clcd_putch            text31       002B40
__end_of_clcd_write            text33       002A20
__end_of_dash_board            text30       0019DE
__end_of_get_time              text20       00273A
__end_of_i2c_idle              text28       002B7A
__end_of_i2c_no_ack            text29       002BBE
__end_of_i2c_read              text26       002B92
__end_of_i2c_rep_start         text25       002BAA
__end_of_i2c_rx_mode           text27       002BB2
__end_of_i2c_start             text24       002BA2
__end_of_i2c_stop              text23       002B9A
__end_of_i2c_write             text22       002B86
__end_of_init_adc              text19       002ABA
__end_of_init_clcd             text18       0026B8
__end_of_init_config           text12       002B10
__end_of_init_ds1307           text16       002926
__end_of_init_i2c              text15       002B56
__end_of_init_matrix_keypad    text14       002B68
__end_of_init_uart             text13       002AD8
__end_of_main                  text0        0014DE
__end_of_main_menu             text9        001F68
__end_of_putch                 text8        002B28
__end_of_puts                  text7        0028DE
__end_of_read_adc              text6        00296C
__end_of_read_ds1307           text21       002A74
__end_of_read_external_eeprom  text3        002A4A
__end_of_read_switches         text4        0027B2
__end_of_scan_key              text5        002396
__end_of_store_data            text1        00228E
__end_of_write_ds1307          text17       002AF6
__end_of_write_external_eeprom text2        0029AC
__initialization               cinit        00281E
__mediumconst                  mediumconst  000000
__pbssBANK0                    bssBANK0     0000CF
__pbssCOMRAM                   bssCOMRAM    000054
__pcinit                       cinit        00281E
__pcstackBANK0                 cstackBANK0  00009A
__pcstackBANK1                 cstackBANK1  000100
__pcstackCOMRAM                cstackCOMRAM 000001
__pdataBANK0                   dataBANK0    000060
__pdataCOMRAM                  dataCOMRAM   00005A
__pidataBANK0                  idataBANK0   0029AC
__pidataCOMRAM                 idataCOMRAM  002BB2
__psmallconst                  smallconst   000600
__ptext0                       text0        000694
__ptext1                       text1        00211C
__ptext10                      text10       002560
__ptext11                      text11       00249C
__ptext12                      text12       002AF6
__ptext13                      text13       002ABA
__ptext14                      text14       002B56
__ptext15                      text15       002B40
__ptext16                      text16       0028DE
__ptext17                      text17       002AD8
__ptext18                      text18       002610
__ptext19                      text19       002A9A
__ptext2                       text2        00296C
__ptext20                      text20       0026B8
__ptext21                      text21       002A4A
__ptext22                      text22       002B7A
__ptext23                      text23       002B92
__ptext24                      text24       002B9A
__ptext25                      text25       002BA2
__ptext26                      text26       002B86
__ptext27                      text27       002BAA
__ptext28                      text28       002B68
__ptext29                      text29       002BB8
__ptext3                       text3        002A20
__ptext30                      text30       0014DE
__ptext31                      text31       002B28
__ptext32                      text32       0027B2
__ptext33                      text33       0029E6
__ptext34                      text34       001F68
__ptext35                      text35       002A74
__ptext36                      text36       002396
__ptext37                      text37       0019DE
__ptext4                       text4        00273A
__ptext5                       text5        00228E
__ptext6                       text6        002926
__ptext7                       text7        002880
__ptext8                       text8        002B10
__ptext9                       text9        001D78
__ramtop                       ramtop       000600
__smallconst                   smallconst   000600
_clcd_print                    text32       0027B2
_clcd_putch                    text31       002B28
_clcd_write                    text33       0029E6
_clear                         bssBANK0     0000E3
_clearing_log                  bssBANK0     0000DF
_clock_reg                     bssBANK0     0000D8
_count                         bssBANK0     0000E7
_dash_board                    text30       0014DE
_data_lim                      bssBANK0     0000E9
_flag1                         dataCOMRAM   00005E
_flag2                         bssBANK0     0000E5
_flag3                         dataCOMRAM   00005C
_flag4                         dataBANK0    000097
_get_time                      text20       0026B8
_hours                         bssCOMRAM    000058
_i2c_idle                      text28       002B68
_i2c_no_ack                    text29       002BB8
_i2c_read                      text26       002B86
_i2c_rep_start                 text25       002BA2
_i2c_rx_mode                   text27       002BAA
_i2c_start                     text24       002B9A
_i2c_stop                      text23       002B92
_i2c_write                     text22       002B7A
_init_adc                      text19       002A9A
_init_clcd                     text18       002610
_init_config                   text12       002AF6
_init_ds1307                   text16       0028DE
_init_i2c                      text15       002B40
_init_matrix_keypad            text14       002B56
_init_uart                     text13       002ABA
_main                          text0        000694
_main_menu                     text9        001D78
_min                           bssCOMRAM    000056
_putch                         text8        002B10
_puts                          text7        002880
_read_adc                      text6        002926
_read_ds1307                   text21       002A4A
_read_external_eeprom          text3        002A20
_read_switches                 text4        00273A
_scan_key                      text5        00228E
_sec                           bssCOMRAM    000054
_set                           dataBANK0    000095
_star                          dataCOMRAM   00005A
_stop                          dataBANK0    000093
_store_data                    text1        00211C
_storing_data                  bssBANK0     0000E1
_time                          bssBANK0     0000CF
_write_ds1307                  text17       002AD8
_write_external_eeprom         text2        00296C
clcd_print@addr                cstackCOMRAM 000009
clcd_print@data                cstackCOMRAM 000007
clcd_putch@addr                cstackCOMRAM 000009
clcd_putch@data                cstackCOMRAM 00000A
clcd_write@byte                cstackCOMRAM 000002
clcd_write@control_bit         cstackCOMRAM 000001
dash_board@flag                dataBANK0    00008D
dash_board@key                 cstackCOMRAM 000002
dash_board@start_dec           bssBANK0     0000DB
end_of_initialization          cinit        002876
i2c_write@data                 cstackCOMRAM 000001
init_ds1307@dummy              cstackCOMRAM 00000B
intlevel0                      text         000000
intlevel1                      text         000000
intlevel2                      text         000000
intlevel3                      text         000000
isa$std                        (abs)        000001
isa$xinst                      (abs)        000000
main@F10508                    dataBANK0    000060
main@F10534                    dataBANK0    00007B
main@a                         cstackBANK0  0000C1
main@adc                       cstackBANK0  0000C9
main@adc_reg_val               cstackCOMRAM 000047
main@b                         cstackBANK0  0000C3
main@blink                     dataBANK0    00008F
main@delay                     bssBANK0     0000DD
main@download                  cstackBANK1  000100
main@download1                 cstackCOMRAM 000035
main@gear                      cstackBANK0  00009A
main@i                         cstackBANK0  0000C5
main@i_170                     cstackBANK0  0000CB
main@i_175                     cstackBANK0  0000C7
main@j                         cstackBANK0  0000BF
main@j_171                     cstackBANK0  0000CD
main@key                       cstackCOMRAM 000053
main@stop_download             dataBANK0    000091
main@store                     cstackBANK0  0000B5
main@write                     cstackCOMRAM 000049
main_menu@key                  cstackCOMRAM 00000D
putch@byte                     cstackCOMRAM 000001
puts@s                         cstackCOMRAM 000007
read_adc@channel               cstackCOMRAM 000007
read_adc@reg_val               cstackCOMRAM 000005
read_ds1307@address            cstackCOMRAM 000002
read_ds1307@data               cstackCOMRAM 000003
read_external_eeprom@address   cstackCOMRAM 000002
read_external_eeprom@data      cstackCOMRAM 000003
read_switches@detection_type   cstackCOMRAM 000001
read_switches@key              bssBANK0     0000EB
read_switches@once             dataBANK0    000099
stackhi                        (abs)        000000
stacklo                        (abs)        000000
start                          init         000000
start_initialization           cinit        00281E
store_data@clr                 cstackCOMRAM 000011
store_data@i                   cstackCOMRAM 00000B
store_data@i_321               cstackCOMRAM 00000D
store_data@i_322               cstackCOMRAM 00000F
store_data@shift_index         cstackCOMRAM 000008
store_data@temp                cstackCOMRAM 00000A
store_data@write               cstackCOMRAM 000006
write_ds1307@address           cstackCOMRAM 00000A
write_ds1307@data              cstackCOMRAM 000009
write_external_eeprom@address  cstackCOMRAM 000005
write_external_eeprom@data     cstackCOMRAM 000002
write_external_eeprom@wait     cstackCOMRAM 000003


MODULE INFORMATION

Module		Function		Class		Link	Load	Size
C:\Program Files\Microchip\xc8\v2.41\pic\sources\c99\common\awmod.c
		___awmod       		CODE           	2560	0000	176

C:\Program Files\Microchip\xc8\v2.41\pic\sources\c99\common\awmod.c estimated size: 176

matrix_keypad.c
		_init_matrix_keypad		CODE           	2B56	0000	18
		_read_switches 		CODE           	273A	0000	120
		_scan_key      		CODE           	228E	0000	264

matrix_keypad.c estimated size: 402

C:\Program Files\Microchip\xc8\v2.41\pic\sources\c99\common\fltol.c
		___fltol       		CODE           	2396	0000	262

C:\Program Files\Microchip\xc8\v2.41\pic\sources\c99\common\fltol.c estimated size: 262

dash_board.c
		_dash_board    		CODE           	14DE	0000	1280

dash_board.c estimated size: 1280

uart.c
		_putch         		CODE           	2B10	0000	24
		_init_uart     		CODE           	2ABA	0000	30
		_puts          		CODE           	2880	0000	94

uart.c estimated size: 148

C:\Program Files\Microchip\xc8\v2.41\pic\sources\c99\common\xxtofl.c
		___xxtofl      		CODE           	1F68	0000	436

C:\Program Files\Microchip\xc8\v2.41\pic\sources\c99\common\xxtofl.c estimated size: 436

i2c.c
		_i2c_start     		CODE           	2B9A	0000	8
		_i2c_no_ack    		CODE           	2BB8	0000	6
		_i2c_rep_start 		CODE           	2BA2	0000	8
		_i2c_idle      		CODE           	2B68	0000	18
		_i2c_write     		CODE           	2B7A	0000	12
		_i2c_stop      		CODE           	2B92	0000	8
		_i2c_read      		CODE           	2B86	0000	12
		_init_i2c      		CODE           	2B40	0000	22
		_i2c_rx_mode   		CODE           	2BAA	0000	8

i2c.c estimated size: 102

C:\Program Files\Microchip\xc8\v2.41\pic\sources\c99\common\awdiv.c
		___awdiv       		CODE           	249C	0000	196

C:\Program Files\Microchip\xc8\v2.41\pic\sources\c99\common\awdiv.c estimated size: 196

ds1307.c
		_read_ds1307   		CODE           	2A4A	0000	42
		_write_ds1307  		CODE           	2AD8	0000	30
		_init_ds1307   		CODE           	28DE	0000	72

ds1307.c estimated size: 144

main_menu.c
		_main_menu     		CODE           	1D78	0000	496

main_menu.c estimated size: 496

adc.c
		_init_adc      		CODE           	2A9A	0000	32
		_read_adc      		CODE           	2926	0000	70

adc.c estimated size: 102

external_eeprom.c
		_write_external_eeprom		CODE           	296C	0000	64
		_read_external_eeprom		CODE           	2A20	0000	42

external_eeprom.c estimated size: 106

shared
		__initialization		CODE           	281E	0000	88

shared estimated size: 88

clcd.c
		_clcd_write    		CODE           	29E6	0000	58
		_clcd_print    		CODE           	27B2	0000	108
		_clcd_putch    		CODE           	2B28	0000	24
		_init_clcd     		CODE           	2610	0000	168

clcd.c estimated size: 358

rtc.c
		_get_time      		CODE           	26B8	0000	130

rtc.c estimated size: 130

C:\Program Files\Microchip\xc8\v2.41\pic\sources\c99\common\Umul16.c
		___wmul        		CODE           	2A74	0000	38

C:\Program Files\Microchip\xc8\v2.41\pic\sources\c99\common\Umul16.c estimated size: 38

store_data.c
		_store_data    		CODE           	211C	0000	370

store_data.c estimated size: 370

main.c
		_main          		CODE           	0694	0000	3658
		_init_config   		CODE           	2AF6	0000	26

main.c estimated size: 3684

C:\Program Files\Microchip\xc8\v2.41\pic\sources\c99\common\sprcdiv.c
		___fldiv       		CODE           	19DE	0000	922

C:\Program Files\Microchip\xc8\v2.41\pic\sources\c99\common\sprcdiv.c estimated size: 922

